[2026-09-24 13:00:33,418] 27 main -INFO -Home page accessed...
[2026-09-24 13:03:34,334] 31 nlp_pretrained.ner_tagger -INFO -NLTK pretrained NER extracted from 'I have fever from 5 days and I am from Jaipur : {'GPE': ['Jaipur'], 'PERSON': [], 'ORGANIZATION': []}
[2026-09-24 13:03:34,388] 28 nlp_pretrained.sentiment_analyzer -INFO -VADER sentiment for 'I have fever from 5 days and I am from Jaipur':'{'neg': 0.0, 'neu': 1.0, 'pos': 0.0, 'compound': 0.0, 'urgency_hint': 'Low'}'
[2026-09-24 13:03:34,389] 16 nlp_pretrained.embedding -INFO -Loading pretrained model for Embeddings :glove-wiki-gigaword-50
[2026-09-24 13:03:37,508] 2049 gensim.models.keyedvectors -INFO -loading projection weights from C:\Users\MY PC/gensim-data\glove-wiki-gigaword-50\glove-wiki-gigaword-50.gz
[2026-09-24 13:04:56,396] 447 gensim.utils -INFO -KeyedVectors lifecycle event {'msg': 'loaded (400000, 50) matrix of type float32 from C:\\Users\\MY PC/gensim-data\\glove-wiki-gigaword-50\\glove-wiki-gigaword-50.gz', 'binary': False, 'encoding': 'utf8', 'datetime': '2026-09-24T13:04:56.184149', 'gensim': '4.4.0', 'python': '3.13.11 (main, Jan 27 2026, 23:41:32) [MSC v.1944 64 bit (AMD64)]', 'platform': 'Windows-11-10.0.26200-SP0', 'event': 'load_word2vec_format'}
[2026-09-24 13:04:56,396] 18 nlp_pretrained.embedding -INFO -Embeddings loaded , Vocabulary size: 400000
[2026-09-24 13:04:56,495] 29 nlp_pretrained.embedding -INFO -Most similar to 'i : '[('nope', 0.762813150882721), ('masnadieri', 0.7501635551452637), ('anyhow', 0.747181236743927), ('exclaimed', 0.7457895874977112), ('kloot', 0.7454115748405457), ("d'you", 0.7421775460243225), ('deadpanned', 0.7420409917831421), ('hercegovine', 0.7414733171463013), ('kidding', 0.7304976582527161), ('whew', 0.7243367433547974)]'
[2026-09-24 13:04:56,567] 156 main -INFO -Error occured in pretrained nlp analysis
[2026-09-24 13:05:08,242] 31 nlp_pretrained.ner_tagger -INFO -NLTK pretrained NER extracted from 'I have fever from 5 days and I am from Jaipur : {'GPE': ['Jaipur'], 'PERSON': [], 'ORGANIZATION': []}
[2026-09-24 13:05:08,243] 28 nlp_pretrained.sentiment_analyzer -INFO -VADER sentiment for 'I have fever from 5 days and I am from Jaipur':'{'neg': 0.0, 'neu': 1.0, 'pos': 0.0, 'compound': 0.0, 'urgency_hint': 'Low'}'
[2026-09-24 13:05:08,269] 29 nlp_pretrained.embedding -INFO -Most similar to 'i : '[('nope', 0.762813150882721), ('masnadieri', 0.7501635551452637), ('anyhow', 0.747181236743927), ('exclaimed', 0.7457895874977112), ('kloot', 0.7454115748405457), ("d'you", 0.7421775460243225), ('deadpanned', 0.7420409917831421), ('hercegovine', 0.7414733171463013), ('kidding', 0.7304976582527161), ('whew', 0.7243367433547974)]'
[2026-09-24 13:05:08,271] 156 main -INFO -Error occured in pretrained nlp analysis
[2026-09-24 13:05:23,853] 31 nlp_pretrained.ner_tagger -INFO -NLTK pretrained NER extracted from 'I have fever from 5 days and I am from Jaipur : {'GPE': ['Jaipur'], 'PERSON': [], 'ORGANIZATION': []}
[2026-09-24 13:05:23,854] 28 nlp_pretrained.sentiment_analyzer -INFO -VADER sentiment for 'I have fever from 5 days and I am from Jaipur':'{'neg': 0.0, 'neu': 1.0, 'pos': 0.0, 'compound': 0.0, 'urgency_hint': 'Low'}'
[2026-09-24 13:05:23,879] 29 nlp_pretrained.embedding -INFO -Most similar to 'i : '[('nope', 0.762813150882721), ('masnadieri', 0.7501635551452637), ('anyhow', 0.747181236743927), ('exclaimed', 0.7457895874977112), ('kloot', 0.7454115748405457), ("d'you", 0.7421775460243225), ('deadpanned', 0.7420409917831421), ('hercegovine', 0.7414733171463013), ('kidding', 0.7304976582527161), ('whew', 0.7243367433547974)]'
[2026-09-24 13:05:23,881] 156 main -INFO -Error occured in pretrained nlp analysis
[2026-09-24 13:05:25,531] 31 nlp_pretrained.ner_tagger -INFO -NLTK pretrained NER extracted from 'I have fever from 5 days and I am from Jaipur : {'GPE': ['Jaipur'], 'PERSON': [], 'ORGANIZATION': []}
[2026-09-24 13:05:25,532] 28 nlp_pretrained.sentiment_analyzer -INFO -VADER sentiment for 'I have fever from 5 days and I am from Jaipur':'{'neg': 0.0, 'neu': 1.0, 'pos': 0.0, 'compound': 0.0, 'urgency_hint': 'Low'}'
[2026-09-24 13:05:25,557] 29 nlp_pretrained.embedding -INFO -Most similar to 'i : '[('nope', 0.762813150882721), ('masnadieri', 0.7501635551452637), ('anyhow', 0.747181236743927), ('exclaimed', 0.7457895874977112), ('kloot', 0.7454115748405457), ("d'you", 0.7421775460243225), ('deadpanned', 0.7420409917831421), ('hercegovine', 0.7414733171463013), ('kidding', 0.7304976582527161), ('whew', 0.7243367433547974)]'
[2026-09-24 13:05:25,559] 156 main -INFO -Error occured in pretrained nlp analysis
[2026-09-24 13:05:26,778] 31 nlp_pretrained.ner_tagger -INFO -NLTK pretrained NER extracted from 'I have fever from 5 days and I am from Jaipur : {'GPE': ['Jaipur'], 'PERSON': [], 'ORGANIZATION': []}
[2026-09-24 13:05:26,779] 28 nlp_pretrained.sentiment_analyzer -INFO -VADER sentiment for 'I have fever from 5 days and I am from Jaipur':'{'neg': 0.0, 'neu': 1.0, 'pos': 0.0, 'compound': 0.0, 'urgency_hint': 'Low'}'
[2026-09-24 13:05:26,804] 29 nlp_pretrained.embedding -INFO -Most similar to 'i : '[('nope', 0.762813150882721), ('masnadieri', 0.7501635551452637), ('anyhow', 0.747181236743927), ('exclaimed', 0.7457895874977112), ('kloot', 0.7454115748405457), ("d'you", 0.7421775460243225), ('deadpanned', 0.7420409917831421), ('hercegovine', 0.7414733171463013), ('kidding', 0.7304976582527161), ('whew', 0.7243367433547974)]'
[2026-09-24 13:05:26,805] 156 main -INFO -Error occured in pretrained nlp analysis
[2026-09-24 13:05:28,058] 31 nlp_pretrained.ner_tagger -INFO -NLTK pretrained NER extracted from 'I have fever from 5 days and I am from Jaipur : {'GPE': ['Jaipur'], 'PERSON': [], 'ORGANIZATION': []}
[2026-09-24 13:05:28,058] 28 nlp_pretrained.sentiment_analyzer -INFO -VADER sentiment for 'I have fever from 5 days and I am from Jaipur':'{'neg': 0.0, 'neu': 1.0, 'pos': 0.0, 'compound': 0.0, 'urgency_hint': 'Low'}'
[2026-09-24 13:05:28,080] 29 nlp_pretrained.embedding -INFO -Most similar to 'i : '[('nope', 0.762813150882721), ('masnadieri', 0.7501635551452637), ('anyhow', 0.747181236743927), ('exclaimed', 0.7457895874977112), ('kloot', 0.7454115748405457), ("d'you", 0.7421775460243225), ('deadpanned', 0.7420409917831421), ('hercegovine', 0.7414733171463013), ('kidding', 0.7304976582527161), ('whew', 0.7243367433547974)]'
[2026-09-24 13:05:28,082] 156 main -INFO -Error occured in pretrained nlp analysis
[2026-09-24 13:05:51,937] 31 nlp_pretrained.ner_tagger -INFO -NLTK pretrained NER extracted from 'I have fever from 5 days and I am from Jaipur : {'GPE': ['Jaipur'], 'PERSON': [], 'ORGANIZATION': []}
[2026-09-24 13:05:51,938] 28 nlp_pretrained.sentiment_analyzer -INFO -VADER sentiment for 'I have fever from 5 days and I am from Jaipur':'{'neg': 0.0, 'neu': 1.0, 'pos': 0.0, 'compound': 0.0, 'urgency_hint': 'Low'}'
[2026-09-24 13:05:51,957] 29 nlp_pretrained.embedding -INFO -Most similar to 'i : '[('nope', 0.762813150882721), ('masnadieri', 0.7501635551452637), ('anyhow', 0.747181236743927), ('exclaimed', 0.7457895874977112), ('kloot', 0.7454115748405457), ("d'you", 0.7421775460243225), ('deadpanned', 0.7420409917831421), ('hercegovine', 0.7414733171463013), ('kidding', 0.7304976582527161), ('whew', 0.7243367433547974)]'
[2026-09-24 13:05:51,959] 156 main -INFO -Error occured in pretrained nlp analysis
